iothub_message.c:66:13:DestroyDiagnosticPropertyData	8	static
iothub_message.c:76:13:DestroyMessageData	16	static
iothub_message.c:98:55:CloneDiagnosticPropertyData	24	static
iothub_message.c:52:12:ValidateAsciiCharactersFilter	0	static
iothub_message.c:12:1:IOTHUB_MESSAGE_RESULTStrings	0	static
iothub_message.c:12:1:IOTHUB_MESSAGE_RESULT_FromString	24	static
iothub_message.c:13:1:IOTHUBMESSAGE_CONTENT_TYPEStrings	0	static
iothub_message.c:13:1:IOTHUBMESSAGE_CONTENT_TYPE_FromString	24	static
iothub_message.c:134:23:IoTHubMessage_CreateFromByteArray	40	static
iothub_message.c:205:23:IoTHubMessage_CreateFromString	32	static
iothub_message.c:251:23:IoTHubMessage_Clone	24	static
iothub_message.c:350:23:IoTHubMessage_GetByteArray	48	static
iothub_message.c:384:13:IoTHubMessage_GetString	0	static
iothub_message.c:409:28:IoTHubMessage_GetContentType	0	static
iothub_message.c:426:12:IoTHubMessage_Properties	24	static
iothub_message.c:444:13:IoTHubMessage_GetCorrelationId	24	static
iothub_message.c:462:23:IoTHubMessage_SetCorrelationId	24	static
iothub_message.c:495:23:IoTHubMessage_SetMessageId	24	static
iothub_message.c:527:13:IoTHubMessage_GetMessageId	24	static
iothub_message.c:545:23:IoTHubMessage_SetContentTypeSystemProperty	32	static
iothub_message.c:582:13:IoTHubMessage_GetContentTypeSystemProperty	24	static
iothub_message.c:603:23:IoTHubMessage_SetContentEncodingSystemProperty	32	static
iothub_message.c:640:13:IoTHubMessage_GetContentEncodingSystemProperty	24	static
iothub_message.c:661:48:IoTHubMessage_GetDiagnosticPropertyData	24	static
iothub_message.c:678:23:IoTHubMessage_SetDiagnosticPropertyData	40	static
iothub_message.c:717:6:IoTHubMessage_Destroy	0	static
