iothub_client_ll.c:164:22:make_product_info	16	static
iothub_client_ll.c:125:13:device_twin_data_destroy	8	static
iothub_client_ll.c:35:1:IOTHUB_CLIENT_RESULTStrings	0	static
iothub_client_ll.c:35:1:IOTHUB_CLIENT_RESULT_FromString	24	static
iothub_client_ll.c:36:1:IOTHUB_CLIENT_CONFIRMATION_RESULTStrings	0	static
iothub_client_ll.c:36:1:IOTHUB_CLIENT_CONFIRMATION_RESULT_FromString	24	static
iothub_client_ll.c:44:1:CALLBACK_TYPEStrings	0	static
iothub_client_ll.c:44:1:CALLBACK_TYPE_FromString	24	static
iothub_client_ll.c:515:25:IoTHubClient_LL_CreateFromDeviceAuth	48	static
iothub_client_ll.c:946:6:IoTHubClient_LL_Destroy	16	static
iothub_client_ll.c:1024:22:IoTHubClient_LL_SendEventAsync	40	static
iothub_client_ll.c:1088:22:IoTHubClient_LL_SetMessageCallback	32	static
iothub_client_ll.c:1159:22:IoTHubClient_LL_SetMessageCallback_Ex	32	static
iothub_client_ll.c:1230:22:IoTHubClient_LL_SendMessageDisposition	32	static
iothub_client_ll.c:1282:6:IoTHubClient_LL_DoWork	56	static
iothub_client_ll.c:1329:22:IoTHubClient_LL_GetSendStatus	24	static
iothub_client_ll.c:1351:6:IoTHubClient_LL_SendComplete	32	static
iothub_client_ll.c:1381:5:IoTHubClient_LL_DeviceMethodComplete	40	static
iothub_client_ll.c:1428:6:IoTHubClient_LL_RetrievePropertyComplete	32	static
iothub_client_ll.c:1455:6:IoTHubClient_LL_ReportedStateComplete	32	static
iothub_client_ll.c:1489:6:IoTHubClient_LL_MessageCallback	32	static
iothub_client_ll.c:1553:6:IoTHubClient_LL_ConnectionStatusCallBack	24	static
iothub_client_ll.c:1574:22:IoTHubClient_LL_SetConnectionStatusCallback	32	static
iothub_client_ll.c:1595:22:IoTHubClient_LL_SetRetryPolicy	40	static
iothub_client_ll.c:187:38:initialize_iothub_client	112	static
iothub_client_ll.c:615:25:IoTHubClient_LL_CreateFromConnectionString	80	static
iothub_client_ll.c:895:25:IoTHubClient_LL_Create	24	static
iothub_client_ll.c:924:25:IoTHubClient_LL_CreateWithTransport	16	static
iothub_client_ll.c:1633:22:IoTHubClient_LL_GetRetryPolicy	48	static
iothub_client_ll.c:1655:22:IoTHubClient_LL_GetLastMessageReceiveTime	32	static
iothub_client_ll.c:1686:22:IoTHubClient_LL_SetOption	40	static
iothub_client_ll.c:1790:22:IoTHubClient_LL_GetOption	48	static
iothub_client_ll.c:1812:22:IoTHubClient_LL_SetDeviceTwinCallback	32	static
iothub_client_ll.c:1851:22:IoTHubClient_LL_SendReportedState	56	static
iothub_client_ll.c:1894:22:IoTHubClient_LL_SetDeviceMethodCallback	40	static
iothub_client_ll.c:1970:22:IoTHubClient_LL_SetDeviceMethodCallback_Ex	40	static
iothub_client_ll.c:2041:22:IoTHubClient_LL_DeviceMethodResponse	32	static
