agenttypesystem.c:73:12:NoCloneFunction	0	static
agenttypesystem.c:79:13:NoFreeFunction	0	static
agenttypesystem.c:117:13:base64b16	24	static
agenttypesystem.c:390:12:scanAndReadNDigitsInt	16	static
agenttypesystem.c:822:12:ValidateDate	8	static
agenttypesystem.c:1280:13:hexDigitToChar	0	static
agenttypesystem.c:3014:12:sscanfd	24	static
agenttypesystem.c:3032:12:sscanfllu	24	static
agenttypesystem.c:89:13:base64char	0	static
agenttypesystem.c:1286:25:AgentDataTypes_ToString	128	static
agenttypesystem.c:514:12:base64toValue	0	static
agenttypesystem.c:455:12:scanMandatory2CapitalHexDigits	0	static
agenttypesystem.c:480:12:ValidateDecimal	8	static
agenttypesystem.c:69:1:AGENT_DATA_TYPES_RESULTStrings	0	static
agenttypesystem.c:69:1:AGENT_DATA_TYPES_RESULT_FromString	24	static
agenttypesystem.c:135:25:Create_EDM_BOOLEAN_from_int	32	static
agenttypesystem.c:155:25:Create_AGENT_DATA_TYPE_from_UINT8	32	static
agenttypesystem.c:174:25:Create_AGENT_DATA_TYPE_from_EDM_DATE_TIME_OFFSET	16	static
agenttypesystem.c:226:25:Create_AGENT_DATA_TYPE_from_EDM_GUID	32	static
agenttypesystem.c:246:25:Create_AGENT_DATA_TYPE_from_EDM_BINARY	48	static
agenttypesystem.c:614:5:scanbase64b16	40	static
agenttypesystem.c:646:5:scanbase64b8	24	static
agenttypesystem.c:674:25:Create_EDM_DECIMAL_from_charz	32	static
agenttypesystem.c:722:25:Create_AGENT_DATA_TYPE_from_DOUBLE	32	static
agenttypesystem.c:744:25:Create_AGENT_DATA_TYPE_from_SINT16	32	static
agenttypesystem.c:763:25:Create_AGENT_DATA_TYPE_from_SINT32	32	static
agenttypesystem.c:783:25:Create_AGENT_DATA_TYPE_from_SINT64	32	static
agenttypesystem.c:803:25:Create_AGENT_DATA_TYPE_from_SINT8	32	static
agenttypesystem.c:945:25:Create_AGENT_DATA_TYPE_from_date	40	static
agenttypesystem.c:975:25:Create_AGENT_DATA_TYPE_from_FLOAT	32	static
agenttypesystem.c:996:25:Create_AGENT_DATA_TYPE_from_charz	32	static
agenttypesystem.c:1029:25:Create_AGENT_DATA_TYPE_from_charz_no_quotes	32	static
agenttypesystem.c:1061:6:Destroy_AGENT_DATA_TYPE	32	static
agenttypesystem.c:2349:13:DestroyHalfBakedComplexType	24	static
agenttypesystem.c:2381:25:Create_NULL_AGENT_DATA_TYPE	32	static
agenttypesystem.c:2397:25:Create_AGENT_DATA_TYPE_from_AGENT_DATA_TYPE	48	static
agenttypesystem.c:2828:25:Create_AGENT_DATA_TYPE_from_Members	56	static
agenttypesystem.c:2770:25:Create_AGENT_DATA_TYPE_from_MemberPointers	48	static
agenttypesystem.c:3146:25:CreateAgentDataType_From_String	128	static
agenttypesystem.c:3975:26:AgentDataType_GetComplexTypeField	32	static
