codefirst.c:1007:28:FindDevice	16	static
codefirst.c:472:35:FindModelInCodeFirstMetadata	16	static
codefirst.c:489:35:FindChildModelInCodeFirstMetadata	40	static
codefirst.c:610:21:CodeFirst_InvokeMethod	72	static
codefirst.c:538:24:CodeFirst_InvokeAction	56	static
codefirst.c:804:13:initializeDesiredProperties	56	static
codefirst.c:85:13:deinitializeDesiredProperties	56	static
codefirst.c:414:25:CodeFirst_Init_impl	24	static
codefirst.c:16:1:CODEFIRST_RESULTStrings	0	static
codefirst.c:16:1:CODEFIRST_RESULT_FromString	24	static
codefirst.c:17:1:EXECUTE_COMMAND_RESULTStrings	0	static
codefirst.c:17:1:EXECUTE_COMMAND_RESULT_FromString	24	static
codefirst.c:442:18:CodeFirst_Init	0	static
codefirst.c:447:6:CodeFirst_Deinit	32	static
codefirst.c:681:15:CodeFirst_RegisterSchema	64	static
codefirst.c:730:22:CodeFirst_GetPrimitiveType	8	static
codefirst.c:880:7:CodeFirst_CreateDevice	56	static
codefirst.c:973:6:CodeFirst_DestroyDevice	32	static
codefirst.c:1191:18:CodeFirst_SendAsync	144	static
codefirst.c:1365:18:CodeFirst_SendAsyncReported	152	static
codefirst.c:1526:24:CodeFirst_ExecuteCommand	32	static
codefirst.c:1557:21:CodeFirst_ExecuteMethod	40	static
codefirst.c:1584:18:CodeFirst_IngestDesiredProperties	40	static
