az_socketio_mbed.c:49:14:socketio_CloneOption	0	static
az_socketio_mbed.c:57:13:socketio_DestroyOption	0	static
az_socketio_mbed.c:91:13:indicate_error	0	static
az_socketio_mbed.c:139:20:socketio_create	24	static
az_socketio_mbed.c:186:6:socketio_destroy	16	static
az_socketio_mbed.c:215:5:socketio_open	24	static
az_socketio_mbed.c:63:29:socketio_retrieveoptions	0	static
az_socketio_mbed.c:264:5:socketio_close	24	static
az_socketio_mbed.c:99:12:add_pending_io.isra.1	24	static
az_socketio_mbed.c:300:5:socketio_send	40	static
az_socketio_mbed.c:368:6:socketio_dowork	40	static
az_socketio_mbed.c:452:5:socketio_setoption	8	static
az_socketio_mbed.c:478:33:socketio_get_interface_description	0	static
