az_tlsio_mbedtls.c:100:13:indicate_error	0	static
az_tlsio_mbedtls.c:108:13:indicate_open_complete	0	static
az_tlsio_mbedtls.c:216:13:on_underlying_io_close_complete_during_close	0	static
az_tlsio_mbedtls.c:93:6:mbedtls_debug	0	static
az_tlsio_mbedtls.c:342:20:tlsio_mbedtls_create	64	static
az_tlsio_mbedtls.c:228:12:on_io_recv	16	static
az_tlsio_mbedtls.c:170:13:on_underlying_io_bytes_received	16	static
az_tlsio_mbedtls.c:278:12:on_io_send	24	static
az_tlsio_mbedtls.c:297:12:tlsio_entropy_poll	32	static
az_tlsio_mbedtls.c:423:6:tlsio_mbedtls_destroy	16	static
az_tlsio_mbedtls.c:453:5:tlsio_mbedtls_open	40	static
az_tlsio_mbedtls.c:657:22:tlsio_mbedtls_retrieveoptions	40	static
az_tlsio_mbedtls.c:189:13:on_underlying_io_error	8	static
az_tlsio_mbedtls.c:500:5:tlsio_mbedtls_close	8	static
az_tlsio_mbedtls.c:137:13:on_underlying_io_open_complete	16	static
az_tlsio_mbedtls.c:538:5:tlsio_mbedtls_send	16	static
az_tlsio_mbedtls.c:574:6:tlsio_mbedtls_dowork	80	static
az_tlsio_mbedtls.c:633:13:tlsio_mbedtls_DestroyOption	32	static
az_tlsio_mbedtls.c:595:14:tlsio_mbedtls_CloneOption	40	static
az_tlsio_mbedtls.c:704:5:tlsio_mbedtls_setoption	32	static
az_tlsio_mbedtls.c:589:33:tlsio_mbedtls_get_interface_description	0	static
