serializer.h:899:32:FromAGENT_DATA_TYPE_int	0	static
AzureXcubeSample.c:101:1:DesiredPropertyInitialize_SerializableIotSampleDev_tDesiredTelemetryInterval	0	static
AzureXcubeSample.c:101:1:DesiredPropertyDeinitialize_SerializableIotSampleDev_tDesiredTelemetryInterval	0	static
AzureXcubeSample.c:400:6:deviceTwinReportedStateCallback	0	static
AzureXcubeSample.c:408:13:SendConfirmationCallback	8	static
AzureXcubeSample.c:292:13:DeviceTwinCallback	56	static
AzureXcubeSample.c:361:41:MessageCallback	32	static
AzureXcubeSample.c:230:12:DeviceMethodCallback	32	static
AzureXcubeSample.c:101:1:Create_AGENT_DATA_TYPE_From_Ptr_SerializableIotSampleDev_tTelemetryInterval	8	static
AzureXcubeSample.c:101:1:Create_AGENT_DATA_TYPE_From_Ptr_SerializableIotSampleDev_tdevContext	0	static
AzureXcubeSample.c:101:1:Create_AGENT_DATA_TYPE_From_Ptr_SerializableIotSampleDev_tmagZ	0	static
AzureXcubeSample.c:101:1:Create_AGENT_DATA_TYPE_From_Ptr_SerializableIotSampleDev_tmagY	0	static
AzureXcubeSample.c:101:1:Create_AGENT_DATA_TYPE_From_Ptr_SerializableIotSampleDev_tmagX	0	static
AzureXcubeSample.c:101:1:Create_AGENT_DATA_TYPE_From_Ptr_SerializableIotSampleDev_taccZ	0	static
AzureXcubeSample.c:101:1:Create_AGENT_DATA_TYPE_From_Ptr_SerializableIotSampleDev_taccY	0	static
AzureXcubeSample.c:101:1:Create_AGENT_DATA_TYPE_From_Ptr_SerializableIotSampleDev_taccX	0	static
AzureXcubeSample.c:101:1:Create_AGENT_DATA_TYPE_From_Ptr_SerializableIotSampleDev_tproximity	0	static
AzureXcubeSample.c:101:1:Create_AGENT_DATA_TYPE_From_Ptr_SerializableIotSampleDev_tLedStatusOn	8	static
AzureXcubeSample.c:101:1:Create_AGENT_DATA_TYPE_From_Ptr_SerializableIotSampleDev_tts	120	static
AzureXcubeSample.c:101:1:Create_AGENT_DATA_TYPE_From_Ptr_SerializableIotSampleDev_tgyrZ	8	static
AzureXcubeSample.c:101:1:Create_AGENT_DATA_TYPE_From_Ptr_SerializableIotSampleDev_tgyrY	0	static
AzureXcubeSample.c:101:1:Create_AGENT_DATA_TYPE_From_Ptr_SerializableIotSampleDev_tgyrX	0	static
AzureXcubeSample.c:101:1:Create_AGENT_DATA_TYPE_From_Ptr_SerializableIotSampleDev_tpressure	0	static
AzureXcubeSample.c:101:1:Create_AGENT_DATA_TYPE_From_Ptr_SerializableIotSampleDev_thumidity	0	static
AzureXcubeSample.c:101:1:Create_AGENT_DATA_TYPE_From_Ptr_SerializableIotSampleDev_ttemperature	0	static
AzureXcubeSample.c:101:1:Create_AGENT_DATA_TYPE_From_Ptr_SerializableIotSampleDev_tmac	8	static
AzureXcubeSample.c:101:1:FromAGENT_DATA_TYPE_SerializableIotSampleDev_t	16	static
AzureXcubeSample.c:156:5:cloud_device_enter_credentials	448	static
AzureXcubeSample.c:176:6:app_needs_device_keypair	0	static
AzureXcubeSample.c:182:24:LedToggle	32	static
AzureXcubeSample.c:101:1:LedToggleWRAPPER	0	static
AzureXcubeSample.c:211:21:Reboot	8	static
AzureXcubeSample.c:101:1:RebootWRAPPER	32	static
AzureXcubeSample.c:221:21:Hello	16	static
AzureXcubeSample.c:101:1:HelloWRAPPER	40	static
AzureXcubeSample.c:688:5:device_model_create	16	static
AzureXcubeSample.c:723:5:device_model_destroy	8	static
AzureXcubeSample.c:738:9:comp_left_ms	0	static
AzureXcubeSample.c:417:6:iothub_client_XCube_sample_run	168	static
