parson.c:479:21:json_value_init_string_no_copy	8	static
parson.c:263:15:read_file	24	static
parson.c:370:20:json_object_resize	24	static
parson.c:451:20:json_array_resize	16	static
parson.c:438:20:json_array_add	16	static
parson.c:138:15:parson_strndup	16	static
parson.c:148:15:parson_strdup	8	static
parson.c:400:21:json_object_nget_value	32	static
parson.c:296:13:remove_comments	40	static
parson.c:1013:12:append_string	0	static
parson.c:1004:12:append_indent	24	static
parson.c:943:12:json_serialize_string	32	static
parson.c:152:12:hex_char_to_int	0	static
parson.c:163:12:parse_utf16_hex	24	static
parson.c:616:15:get_quoted_string	56	static
parson.c:1073:14:json_object_get_value	16	static
parson.c:345:20:json_object_add	24	static
parson.c:1129:8:json_object_get_count	0	static
parson.c:1133:14:json_object_get_name	0	static
parson.c:1140:14:json_object_get_value_at	0	static
parson.c:1147:13:json_object_get_wrapping_value	0	static
parson.c:1151:5:json_object_has_value	8	static
parson.c:1155:5:json_object_has_value_of_type	8	static
parson.c:1170:14:json_array_get_value	0	static
parson.c:1197:8:json_array_get_count	0	static
parson.c:1201:14:json_array_get_wrapping_value	0	static
parson.c:1206:17:json_value_get_type	0	static
parson.c:1210:15:json_value_get_object	0	static
parson.c:1088:15:json_object_get_object	8	static
parson.c:1100:14:json_object_dotget_value	16	static
parson.c:1160:5:json_object_dothas_value	8	static
parson.c:1164:5:json_object_dothas_value_of_type	8	static
parson.c:1117:15:json_object_dotget_object	8	static
parson.c:1185:15:json_array_get_object	8	static
parson.c:1214:14:json_value_get_array	0	static
parson.c:1092:14:json_object_get_array	8	static
parson.c:1121:14:json_object_dotget_array	8	static
parson.c:1189:14:json_array_get_array	8	static
parson.c:1218:14:json_value_get_string	0	static
parson.c:1080:14:json_object_get_string	8	static
parson.c:1109:14:json_object_dotget_string	8	static
parson.c:1177:14:json_array_get_string	8	static
parson.c:1222:8:json_value_get_number	0	static
parson.c:1084:8:json_object_get_number	8	static
parson.c:1113:8:json_object_dotget_number	8	static
parson.c:1181:8:json_array_get_number	8	static
parson.c:1226:5:json_value_get_boolean	0	static
parson.c:1096:5:json_object_get_boolean	8	static
parson.c:1125:5:json_object_dotget_boolean	8	static
parson.c:1193:5:json_array_get_boolean	8	static
parson.c:807:12:json_serialize_to_buffer_r	48	static
parson.c:1230:14:json_value_get_parent	0	static
parson.c:1234:6:json_value_free	24	static
parson.c:1251:14:json_value_init_object	16	static
parson.c:1266:14:json_value_init_array	16	static
parson.c:1281:14:json_value_init_string	24	static
parson.c:1303:14:json_value_init_number	16	static
parson.c:1318:14:json_value_init_boolean	8	static
parson.c:1329:14:json_value_init_null	8	static
parson.c:627:21:parse_value.part.1	56	static
parson.c:1046:14:json_parse_string	16	static
parson.c:1024:14:json_parse_file	16	static
parson.c:1056:14:json_parse_string_with_comments	24	static
parson.c:1035:14:json_parse_file_with_comments	16	static
parson.c:1339:14:json_value_deep_copy	32	static
parson.c:1418:8:json_serialization_size	1120	static
parson.c:1424:13:json_serialize_to_buffer	24	static
parson.c:1478:8:json_serialization_size_pretty	1120	static
parson.c:1484:13:json_serialize_to_buffer_pretty	24	static
parson.c:1538:6:json_free_serialized_string	0	static
parson.c:1459:8:json_serialize_to_string	16	static
parson.c:1437:13:json_serialize_to_file	16	static
parson.c:1519:8:json_serialize_to_string_pretty	16	static
parson.c:1497:13:json_serialize_to_file_pretty	16	static
parson.c:1542:13:json_array_remove	16	static
parson.c:1554:13:json_array_replace_value	24	static
parson.c:1564:13:json_array_replace_string	16	static
parson.c:1576:13:json_array_replace_number	16	static
parson.c:1588:13:json_array_replace_boolean	16	static
parson.c:1600:13:json_array_replace_null	16	static
parson.c:1612:13:json_array_clear	16	static
parson.c:1624:13:json_array_append_value	0	static
parson.c:1631:13:json_array_append_string	16	static
parson.c:1643:13:json_array_append_number	16	static
parson.c:1655:13:json_array_append_boolean	16	static
parson.c:1667:13:json_array_append_null	16	static
parson.c:1679:13:json_object_set_value	32	static
parson.c:1700:13:json_object_set_string	16	static
parson.c:1704:13:json_object_set_number	16	static
parson.c:1708:13:json_object_set_boolean	16	static
parson.c:1712:13:json_object_set_null	16	static
parson.c:1716:13:json_object_dotset_value	32	static
parson.c:1748:13:json_object_dotset_string	16	static
parson.c:1760:13:json_object_dotset_number	16	static
parson.c:1772:13:json_object_dotset_boolean	16	static
parson.c:1784:13:json_object_dotset_null	16	static
parson.c:1796:13:json_object_remove	32	static
parson.c:1817:13:json_object_dotremove	24	static
parson.c:1834:13:json_object_clear	16	static
parson.c:1847:13:json_validate	32	static
parson.c:1907:5:json_value_equals	32	static
parson.c:1971:17:json_type	0	static
parson.c:1975:15:json_object	0	static
parson.c:1979:14:json_array	0	static
parson.c:1983:14:json_string	0	static
parson.c:1987:8:json_number	0	static
parson.c:1991:5:json_boolean	0	static
parson.c:1995:6:json_set_allocation_functions	0	static
