es_wifi_io.c:437:6:SPI_WIFI_DelayUs	8	static
es_wifi_io.c:300:5:wait_spi_tx_event	16	static
es_wifi_io.c:82:6:SPI_WIFI_MspInit	64	static
es_wifi_io.c:198:8:SPI_WIFI_ResetModule	32	static
es_wifi_io.c:154:8:SPI_WIFI_Init	16	static
es_wifi_io.c:234:8:SPI_WIFI_DeInit	8	static
es_wifi_io.c:319:9:SPI_WIFI_ReceiveData	40	static
es_wifi_io.c:378:9:SPI_WIFI_SendData	40	static
es_wifi_io.c:427:6:SPI_WIFI_Delay	0	static
es_wifi_io.c:468:6:HAL_SPI_RxCpltCallback	0	static
es_wifi_io.c:483:6:HAL_SPI_TxCpltCallback	0	static
es_wifi_io.c:498:9:SPI_WIFI_ISR	0	static
