wifi.c:58:15:WIFI_Init	16	static
wifi.c:84:15:WIFI_ListAccessPoints	496	static
wifi.c:119:15:WIFI_Connect	8	static
wifi.c:141:15:WIFI_GetMAC_Address	8	static
wifi.c:156:15:WIFI_GetIP_Address	16	static
wifi.c:173:15:WIFI_Disconnect	8	static
wifi.c:194:15:WIFI_ConfigureAP	88	static
wifi.c:217:15:WIFI_HandleAPEvents	16	static
wifi.c:254:15:WIFI_Ping	8	static
wifi.c:271:15:WIFI_GetHostAddress	8	static
wifi.c:291:15:WIFI_OpenClientConnection	24	static
wifi.c:320:15:WIFI_CloseClientConnection	24	static
wifi.c:340:15:WIFI_StartServer	24	static
wifi.c:358:15:WIFI_StopServer	8	static
wifi.c:374:15:WIFI_SendData	16	static
wifi.c:388:15:WIFI_SendDataTo	24	static
wifi.c:406:15:WIFI_ReceiveData	16	static
wifi.c:418:15:WIFI_ReceiveDataFrom	24	static
wifi.c:435:15:WIFI_SetOEMProperties	8	static
wifi.c:453:15:WIFI_ResetModule	8	static
wifi.c:468:15:WIFI_SetModuleDefault	8	static
wifi.c:485:15:WIFI_ModuleFirmwareUpdate	0	static
wifi.c:495:15:WIFI_GetModuleFwRevision	8	static
wifi.c:512:15:WIFI_GetModuleID	8	static
wifi.c:529:15:WIFI_GetModuleName	8	static
