singlylinkedlist.c:22:25:singlylinkedlist_create	8	static
singlylinkedlist.c:38:6:singlylinkedlist_destroy	8	static
singlylinkedlist.c:57:18:singlylinkedlist_add	32	static
singlylinkedlist.c:100:5:singlylinkedlist_remove	32	static
singlylinkedlist.c:159:18:singlylinkedlist_get_head_item	24	static
singlylinkedlist.c:181:18:singlylinkedlist_get_next_item	24	static
singlylinkedlist.c:200:13:singlylinkedlist_item_get_value	24	static
singlylinkedlist.c:219:18:singlylinkedlist_find	32	static
singlylinkedlist.c:264:5:singlylinkedlist_remove_if	56	static
singlylinkedlist.c:330:5:singlylinkedlist_foreach	48	static
