strings.c:32:15:STRING_new	16	static
strings.c:52:15:STRING_clone	24	static
strings.c:87:15:STRING_construct	24	static
strings.c:125:15:STRING_construct_sprintf	40	static
strings.c:202:15:STRING_new_with_memory	8	static
strings.c:221:15:STRING_new_quoted	24	static
strings.c:252:15:STRING_new_JSON	40	static
strings.c:367:5:STRING_concat	24	static
strings.c:400:5:STRING_concat_with_STRING	24	static
strings.c:436:5:STRING_copy	24	static
strings.c:477:5:STRING_copy_n	16	static
strings.c:516:5:STRING_sprintf	44	static
strings.c:592:5:STRING_quote	16	static
strings.c:625:5:STRING_empty	8	static
strings.c:654:6:STRING_delete	8	static
strings.c:667:13:STRING_c_str	0	static
strings.c:683:8:STRING_length	0	static
strings.c:696:15:STRING_construct_n	32	static
strings.c:743:5:STRING_compare	0	static
strings.c:771:15:STRING_from_byte_array	32	static
strings.c:811:5:STRING_replace	16	static
