mqtt_codec.c:595:13:completePacketData	16	static
mqtt_codec.c:346:12:constructFixedHeader.part.0	40	static
mqtt_codec.c:87:6:byteutil_writeByte	0	static
mqtt_codec.c:96:6:byteutil_writeInt	0	static
mqtt_codec.c:315:22:constructPublishReply	32	static
mqtt_codec.c:292:12:constructSubscibeTypeVariableHeader	24	static
mqtt_codec.c:107:6:byteutil_writeUTF	16	static
mqtt_codec.c:117:21:processControlPacketType	0	static
mqtt_codec.c:613:18:mqtt_codec_create	16	static
mqtt_codec.c:634:6:mqtt_codec_destroy	8	static
mqtt_codec.c:646:15:mqtt_codec_connect	64	static
mqtt_codec.c:710:15:mqtt_codec_disconnect	16	static
mqtt_codec.c:741:15:mqtt_codec_publish	56	static
mqtt_codec.c:858:15:mqtt_codec_publishAck	0	static
mqtt_codec.c:866:15:mqtt_codec_publishReceived	0	static
mqtt_codec.c:874:15:mqtt_codec_publishRelease	0	static
mqtt_codec.c:882:15:mqtt_codec_publishComplete	0	static
mqtt_codec.c:890:15:mqtt_codec_ping	16	static
mqtt_codec.c:921:15:mqtt_codec_subscribe	56	static
mqtt_codec.c:986:15:mqtt_codec_unsubscribe	56	static
mqtt_codec.c:1050:5:mqtt_codec_bytesReceived	56	static
