mqtt_client.c:59:13:on_connection_closed	0	static
mqtt_client.c:210:20:retrievePacketType	0	static
mqtt_client.c:435:13:clear_mqtt_options	8	static
mqtt_client.c:121:17:byteutil_read_uint16	16	static
mqtt_client.c:73:13:close_connection	16	static
mqtt_client.c:98:13:set_error_callback	8	static
mqtt_client.c:180:13:sendComplete	32	static
mqtt_client.c:420:13:onIoError	32	static
mqtt_client.c:404:13:onBytesReceived	24	static
mqtt_client.c:234:13:getLogTime.constprop	16	static
mqtt_client.c:261:13:log_outgoing_trace	48	static
mqtt_client.c:288:13:log_incoming_trace	48	static
mqtt_client.c:327:12:sendPacketItem	64	static
mqtt_client.c:581:13:recvCompleteCallback	104	static
mqtt_client.c:352:13:onOpenComplete	32	static
mqtt_client.c:32:1:QOS_VALUEStrings	0	static
mqtt_client.c:32:1:QOS_VALUE_FromString	24	static
mqtt_client.c:879:20:mqtt_client_init	32	static
mqtt_client.c:932:6:mqtt_client_deinit	8	static
mqtt_client.c:946:5:mqtt_client_connect	40	static
mqtt_client.c:994:5:mqtt_client_publish	56	static
mqtt_client.c:1058:5:mqtt_client_subscribe	48	static
mqtt_client.c:1106:5:mqtt_client_unsubscribe	48	static
mqtt_client.c:1154:5:mqtt_client_disconnect	32	static
mqtt_client.c:1219:6:mqtt_client_dowork	32	static
mqtt_client.c:1272:6:mqtt_client_set_trace	0	static
